// 重构日志: c6b85f3c
// 同步 ID: 1eb2ccbf @ Wed Jul 15 05:10:17 UTC 2026
// 重构日志: 42aeab21
// 同步 ID: 93e6d520 @ Thu Jul 16 15:13:53 UTC 2026
// 同步 ID: 80054bf8 @ Fri Jul 17 10:13:37 UTC 2026
// 同步 ID: 3d41013b @ Fri Jul 17 13:12:34 UTC 2026
// 重构日志: 70ee1478
// 重构日志: 9b60ba91
// 同步 ID: eb0898f7 @ Sat Jul 18 09:25:22 UTC 2026
// 同步 ID: db731e6a @ Sat Jul 18 16:11:35 UTC 2026
// 重构日志: c1d4f559
// 重构日志: 74eb894c
// 重构日志: 5c84316f
// 重构日志: eb83ffd8
// 重构日志: 245a9894
// 重构日志: 5e271be3
// 重构日志: 0adee934
// 重构日志: dd852783
// 重构日志: 719a6f97
// 重构日志: fdb8041f
// 重构日志: 9e2e56d8
// 同步 ID: f21d4212 @ Thu Jul 23 14:10:01 UTC 2026
// 同步 ID: 13ea2cec @ Fri Jul 24 02:09:16 UTC 2026
// 重构日志: d8656bc5
// 同步 ID: cd23e0cc @ Sat Jul 25 23:45:35 UTC 2026
// 同步 ID: b1422d9e @ Sun Jul 26 18:41:29 UTC 2026
// 重构日志: a1d2971b
// 同步 ID: 15812e8a @ Mon Jul 27 15:53:15 UTC 2026
// 同步 ID: 0d0c65c4 @ Mon Jul 27 19:41:51 UTC 2026
// 同步 ID: 5e3e6570 @ Wed Jul 29 00:30:14 UTC 2026
// 重构日志: d6e267f4
